ARM Linker, 4.1 [Build 894] [Standard]

==============================================================================

Section Cross References

    gl_ui.o(i.gl_bmp) refers to memseta.o(.text) for __aeabi_memclr4
    gl_ui.o(i.gl_bmp) refers to memcpya.o(.text) for __aeabi_memcpy
    gl_ui.o(i.gl_bmp) refers to glcd.o(i.LCD_SetPoint) for LCD_SetPoint
    gl_ui.o(i.gl_clear) refers to gl_ui.o(i.LCD_SetArea) for LCD_SetArea
    gl_ui.o(i.gl_fill_rect) refers to gl_ui.o(i.gl_horizon_line) for gl_horizon_line
    gl_ui.o(i.gl_fill_rect) refers to gl_ui.o(i.gl_vertical_line) for gl_vertical_line
    gl_ui.o(i.gl_fill_rect) refers to gl_ui.o(i.gl_setarea) for gl_setarea
    gl_ui.o(i.gl_fill_rect) refers to gl_ui.o(.data) for .data
    gl_ui.o(i.gl_horizon_line) refers to gl_ui.o(i.gl_setarea) for gl_setarea
    gl_ui.o(i.gl_horizon_line) refers to gl_ui.o(.data) for .data
    gl_ui.o(i.gl_picture) refers to gl_ui.o(i.gl_setarea) for gl_setarea
    gl_ui.o(i.gl_picture) refers to gl_ui.o(.data) for .data
    gl_ui.o(i.gl_rect) refers to gl_ui.o(i.gl_horizon_line) for gl_horizon_line
    gl_ui.o(i.gl_rect) refers to gl_ui.o(i.gl_vertical_line) for gl_vertical_line
    gl_ui.o(i.gl_setarea) refers to gl_ui.o(i.LCD_SetArea) for LCD_SetArea
    gl_ui.o(i.gl_text) refers to gl_ui.o(i.gl_ui_setpencolor) for gl_ui_setpencolor
    gl_ui.o(i.gl_text) refers to gl_ui.o(i.gl_picture) for gl_picture
    gl_ui.o(i.gl_text) refers to gl_ui.o(.data) for .data
    gl_ui.o(i.gl_text) refers to gl_ui.o(.bss) for .bss
    gl_ui.o(i.gl_ui_hook) refers to gl_ui.o(.data) for .data
    gl_ui.o(i.gl_ui_setbkcolor) refers to gl_ui.o(.data) for .data
    gl_ui.o(i.gl_ui_setbkmode) refers to gl_ui.o(.data) for .data
    gl_ui.o(i.gl_ui_setbrushcolor) refers to gl_ui.o(.data) for .data
    gl_ui.o(i.gl_ui_setfontcolor) refers to gl_ui.o(.data) for .data
    gl_ui.o(i.gl_ui_setlib) refers to gl_ui.o(.bss) for .bss
    gl_ui.o(i.gl_ui_setpencolor) refers to gl_ui.o(.data) for .data
    gl_ui.o(i.gl_vertical_line) refers to gl_ui.o(i.gl_setarea) for gl_setarea
    gl_ui.o(i.gl_vertical_line) refers to gl_ui.o(.data) for .data
    zimo_st9.o(.data) refers to zimo_st9.o(.constdata) for zm_sign_space_st9_8_12
    zimo_st9.o(.data) refers to zimo_st9.o(.constdata) for zm_sign_st9_8_12
    zimo_st9.o(.data) refers to zimo_st9.o(.constdata) for zm_0_9_st9_8_12
    zimo_st9.o(.data) refers to zimo_st9.o(.constdata) for zm_sign_colon_st9_8_12
    zimo_st9.o(.data) refers to zimo_st9.o(.constdata) for zm_A_Z_st9_8_12
    zimo_st9.o(.data) refers to zimo_st9.o(.constdata) for zm_a_z_st9_8_12
    flash.o(i.CoverFlash) refers to flash.o(i.ReadFlash) for ReadFlash
    flash.o(i.CoverFlash) refers to flash.o(i.WriteFlash) for WriteFlash
    flash.o(i.CoverFlash) refers to flash.o(.bss) for .bss
    flash.o(i.ReadFlash) refers to stm32f10x_flash.o(i.FLASH_Unlock) for FLASH_Unlock
    flash.o(i.ReadFlash) refers to stm32f10x_flash.o(i.FLASH_ClearFlag) for FLASH_ClearFlag
    flash.o(i.ReadFlash) refers to stm32f10x_flash.o(i.FLASH_Lock) for FLASH_Lock
    flash.o(i.WriteFlash) refers to stm32f10x_flash.o(i.FLASH_Unlock) for FLASH_Unlock
    flash.o(i.WriteFlash) refers to stm32f10x_flash.o(i.FLASH_ClearFlag) for FLASH_ClearFlag
    flash.o(i.WriteFlash) refers to stm32f10x_flash.o(i.FLASH_ErasePage) for FLASH_ErasePage
    flash.o(i.WriteFlash) refers to stm32f10x_flash.o(i.FLASH_ProgramWord) for FLASH_ProgramWord
    flash.o(i.WriteFlash) refers to stm32f10x_flash.o(i.FLASH_Lock) for FLASH_Lock
    key.o(i.Delay_ms) refers to key.o(.data) for .data
    key.o(i.KeyDown) refers to stm32f10x_gpio.o(i.GPIO_ReadInputDataBit) for GPIO_ReadInputDataBit
    key.o(i.KeyDown) refers to key.o(i.Delay_ms) for Delay_ms
    key.o(i.KeyDown) refers to key.o(.data) for .data
    key.o(i.KeyDown_Ex) refers to key.o(i.Delay_ms) for Delay_ms
    key.o(i.KeyDown_Ex) refers to stm32f10x_gpio.o(i.GPIO_ReadInputDataBit) for GPIO_ReadInputDataBit
    key.o(i.KeyPress) refers to stm32f10x_gpio.o(i.GPIO_ReadInputDataBit) for GPIO_ReadInputDataBit
    key.o(i.KeyPress) refers to key.o(i.Delay_ms) for Delay_ms
    key.o(i.KeyPress) refers to key.o(.data) for .data
    main.o(i.ADC_Configuration) refers to stm32f10x_rcc.o(i.RCC_AHBPeriphClockCmd) for RCC_AHBPeriphClockCmd
    main.o(i.ADC_Configuration) refers to stm32f10x_rcc.o(i.RCC_APB2PeriphClockCmd) for RCC_APB2PeriphClockCmd
    main.o(i.ADC_Configuration) refers to stm32f10x_dma.o(i.DMA_DeInit) for DMA_DeInit
    main.o(i.ADC_Configuration) refers to stm32f10x_dma.o(i.DMA_Init) for DMA_Init
    main.o(i.ADC_Configuration) refers to stm32f10x_dma.o(i.DMA_Cmd) for DMA_Cmd
    main.o(i.ADC_Configuration) refers to stm32f10x_adc.o(i.ADC_Init) for ADC_Init
    main.o(i.ADC_Configuration) refers to stm32f10x_adc.o(i.ADC_RegularChannelConfig) for ADC_RegularChannelConfig
    main.o(i.ADC_Configuration) refers to stm32f10x_adc.o(i.ADC_DMACmd) for ADC_DMACmd
[...]
    .data                                    0x200009da   Section       58  picturedata.o(.data)
    .data                                    0x20000a14   Section       58  picturedata.o(.data)
    .data                                    0x20000a4e   Section       58  picturedata.o(.data)
    .data                                    0x20000a88   Section       58  picturedata.o(.data)
    .data                                    0x20000ac2   Section       58  picturedata.o(.data)
    .data                                    0x20000afc   Section       58  picturedata.o(.data)
    .data                                    0x20000b36   Section       58  picturedata.o(.data)
    .data                                    0x20000b70   Section       58  picturedata.o(.data)
    .data                                    0x20000baa   Section       58  picturedata.o(.data)
    .data                                    0x20000be4   Section       58  picturedata.o(.data)
    .data                                    0x20000c1e   Section       58  picturedata.o(.data)
    .data                                    0x20000c58   Section       58  picturedata.o(.data)
    .data                                    0x20000c92   Section       58  picturedata.o(.data)
    .data                                    0x20000ccc   Section       58  picturedata.o(.data)
    .data                                    0x20000d06   Section       58  picturedata.o(.data)
    .data                                    0x20000d40   Section       16  gl_ui.o(.data)
    _bkmode                                  0x20000d40   Data           1  gl_ui.o(.data)
    _fcolor                                  0x20000d42   Data           2  gl_ui.o(.data)
    _bkcolor                                 0x20000d44   Data           2  gl_ui.o(.data)
    _pencolor                                0x20000d46   Data           2  gl_ui.o(.data)
    _brushcolor                              0x20000d48   Data           2  gl_ui.o(.data)
    _setpoint                                0x20000d4c   Data           4  gl_ui.o(.data)
    .data                                    0x20000d50   Section      512  zimo_st9.o(.data)
    .data                                    0x20000f50   Section      128  zimo_st9.o(.data)
    .data                                    0x20000fd0   Section       16  key.o(.data)
    secend                                   0x20000fd0   Data           1  key.o(.data)
    oldkpin                                  0x20000fd4   Data           2  key.o(.data)
    oldkpin                                  0x20000fd6   Data           2  key.o(.data)
    oldGPIOx                                 0x20000fd8   Data           4  key.o(.data)
    oldGPIOx                                 0x20000fdc   Data           4  key.o(.data)
    .data                                    0x20000fe0   Section      224  main.o(.data)
    state                                    0x20000fe4   Data           1  main.o(.data)
    times                                    0x20000fe5   Data           1  main.o(.data)
    adjust_time                              0x20001000   Data           2  main.o(.data)
    balance_times                            0x20001002   Data           2  main.o(.data)
    last_level                               0x20001004   Data           2  main.o(.data)
    level_show                               0x20001006   Data           2  main.o(.data)
    flag                                     0x20001008   Data           2  main.o(.data)
    .data                                    0x200010c0   Section        1  main.o(.data)
    .data                                    0x200010c1   Section        1  main.o(.data)
    .data                                    0x200010c2   Section        2  main.o(.data)
    .data                                    0x200010c4   Section        2  main.o(.data)
    .data                                    0x200010c6   Section        2  main.o(.data)
    .data                                    0x200010c8   Section        1  main.o(.data)
    .data                                    0x200010ca   Section        2  main.o(.data)
    .data                                    0x200010cc   Section        1  main.o(.data)
    .data                                    0x200010cd   Section        1  main.o(.data)
    .data                                    0x200010ce   Section        1  main.o(.data)
    .data                                    0x200010cf   Section        1  main.o(.data)
    .data                                    0x200010d0   Section        1  main.o(.data)
    .data                                    0x200010d2   Section        6  main.o(.data)
    .data                                    0x200010d8   Section        6  main.o(.data)
    .data                                    0x200010e0   Section       28  gl_key.o(.data)
    lastup                                   0x200010ec   Data           4  gl_key.o(.data)
    times                                    0x200010f0   Data           4  gl_key.o(.data)
    lastdown                                 0x200010f4   Data           4  gl_key.o(.data)
    lastup                                   0x200010f8   Data           4  gl_key.o(.data)
    .data                                    0x200010fc   Section        4  usart.o(.data)
    comSelect                                0x200010fc   Data           4  usart.o(.data)
    .data                                    0x20001100   Section       20  stm32f10x_rcc.o(.data)
    ADCPrescTable                            0x20001100   Data           4  stm32f10x_rcc.o(.data)
    APBAHBPrescTable                         0x20001104   Data          16  stm32f10x_rcc.o(.data)
    .data                                    0x20001114   Section        1  glcd.o(.data)
    _gpioStatus                              0x20001114   Data           1  glcd.o(.data)
    .data                                    0x20001116   Section        4  systick.o(.data)
    delay_fac_us                             0x20001116   Data           1  systick.o(.data)
    Status                                   0x20001117   Data           1  systick.o(.data)
    delay_fac_ms                             0x20001118   Data           2  systick.o(.data)
    .data                                    0x2000111a   Section       16  touchpanel.o(.data)
    screen                                   0x2000111a   Data           4  touchpanel.o(.data)
    .data                                    0x2000112c   Section        4  stdout.o(.data)
    .data                                    0x20001130   Section        4  errno.o(.data)
    _errno                                   0x20001130   Data           4  errno.o(.data)
    .bss                                     0x20001134   Section     1284  gl_ui.o(.bss)
    _zm_lib                                  0x20001334   Data         772  gl_ui.o(.bss)
    .bss                                     0x20001638   Section     4582  main.o(.bss)
    strout                                   0x20001638   Data          70  main.o(.bss)
    .bss                                     0x20002820   Section      160  gl_key.o(.bss)
    .bss                                     0x200028c0   Section      828  usart.o(.bss)
    comdev                                   0x20002adc   Data          20  usart.o(.bss)
    comtbuf                                  0x20002af0   Data         268  usart.o(.bss)
    .bss                                     0x20002c00   Section       68  touchpanel.o(.bss)
    STACK                                    0x20002c48   Section     1024  startup_stm32f10x_hd.o(STACK)

    Global Symbols

    Symbol Name                              Value     Ov Type        Size  Object(Section)

    BuildAttributes$$THM_ISAv4$P$D$K$B$S$PE$A:L22UL41UL21$X:L11$S22US41US21$IEEE1$IW$USESV6$~STKCKD$USESV7$~SHL$OTIME$ROPI$IEEEX$EBA8$MICROLIB$REQ8$PRES8$EABIv2 0x00000000   Number         0  anon$$obj.o ABSOLUTE
    __ARM_use_no_argv                        0x00000000   Number         0  main.o ABSOLUTE
    _printf_a                                0x00000000   Number         0  stubs.o ABSOLUTE
    _printf_c                                0x00000000   Number         0  stubs.o ABSOLUTE
    _printf_charcount                        0x00000000   Number         0  stubs.o ABSOLUTE
    _printf_d                                0x00000000   Number         0  stubs.o ABSOLUTE
    _printf_e                                0x00000000   Number         0  stubs.o ABSOLUTE
    _printf_f                                0x00000000   Number         0  stubs.o ABSOLUTE
    _printf_flags                            0x00000000   Number         0  stubs.o ABSOLUTE
    _printf_fp_dec                           0x00000000   Number         0  stubs.o ABSOLUTE
    _printf_fp_hex                           0x00000000   Number         0  stubs.o ABSOLUTE
    _printf_g                                0x00000000   Number         0  stubs.o ABSOLUTE
    _printf_i                                0x00000000   Number         0  stubs.o ABSOLUTE
    _printf_int_dec                          0x00000000   Number         0  stubs.o ABSOLUTE
    _printf_l                                0x00000000   Number         0  stubs.o ABSOLUTE
    _printf_lc                               0x00000000   Number         0  stubs.o ABSOLUTE
    _printf_ll                               0x00000000   Number         0  stubs.o ABSOLUTE
    _printf_lld                              0x00000000   Number         0  stubs.o ABSOLUTE
    _printf_lli                              0x00000000   Number         0  stubs.o ABSOLUTE
    _printf_llo                              0x00000000   Number         0  stubs.o ABSOLUTE
    _printf_llu                              0x00000000   Number         0  stubs.o ABSOLUTE
    _printf_llx                              0x00000000   Number         0  stubs.o ABSOLUTE
    _printf_longlong_dec                     0x00000000   Number         0  stubs.o ABSOLUTE
    _printf_longlong_hex                     0x00000000   Number         0  stubs.o ABSOLUTE
    _printf_longlong_oct                     0x00000000   Number         0  stubs.o ABSOLUTE
    _printf_ls                               0x00000000   Number         0  stubs.o ABSOLUTE
    _printf_mbtowc                           0x00000000   Number         0  stubs.o ABSOLUTE
    _printf_n                                0x00000000   Number         0  stubs.o ABSOLUTE
    _printf_o                                0x00000000   Number         0  stubs.o ABSOLUTE
    _printf_p                                0x00000000   Number         0  stubs.o ABSOLUTE
    _printf_percent                          0x00000000   Number         0  stubs.o ABSOLUTE
    _printf_pre_padding                      0x00000000   Number         0  stubs.o ABSOLUTE
    _printf_return_value                     0x00000000   Number         0  stubs.o ABSOLUTE
    _printf_s                                0x00000000   Number         0  stubs.o ABSOLUTE
    _printf_sizespec                         0x00000000   Number         0  stubs.o ABSOLUTE
    _printf_str                              0x00000000   Number         0  stubs.o ABSOLUTE
    _printf_truncate_signed                  0x00000000   Number         0  stubs.o ABSOLUTE
    _printf_truncate_unsigned                0x00000000   Number         0  stubs.o ABSOLUTE
    _printf_u                                0x00000000   Number         0  stubs.o ABSOLUTE
    _printf_wc                               0x00000000   Number         0  stubs.o ABSOLUTE
    _printf_wctomb                           0x00000000   Number         0  stubs.o ABSOLUTE
    _printf_widthprec                        0x00000000   Number         0  stubs.o ABSOLUTE
    _printf_x                                0x00000000   Number         0  stubs.o ABSOLUTE
    _clock_init                               - Undefined Weak Reference
    __Vectors_Size                           0x00000130   Number         0  startup_stm32f10x_hd.o ABSOLUTE
    __Vectors                                0x08000000   Data           4  startup_stm32f10x_hd.o(RESET)
    __Vectors_End                            0x08000130   Data           0  startup_stm32f10x_hd.o(RESET)
    __main                                   0x08000131   Thumb Code     0  entry.o(.ARM.Collect$$$$00000000)
    _main_stk                                0x08000131   Thumb Code     0  entry2.o(.ARM.Collect$$$$00000001)
    _main_scatterload                        0x08000135   Thumb Code     0  entry5.o(.ARM.Collect$$$$00000004)
    __main_after_scatterload                 0x08000139   Thumb Code     0  entry5.o(.ARM.Collect$$$$00000004)
    _main_clock                              0x08000139   Thumb Code     0  entry7b.o(.ARM.Collect$$$$00000008)
    _main_init                               0x08000139   Thumb Code     0  entry8.o(.ARM.Collect$$$$00000009)
    Reset_Handler                            0x08000145   Thumb Code     8  startup_stm32f10x_hd.o(.text)
    SysTick_Handler                          0x0800015d   Thumb Code     2  startup_stm32f10x_hd.o(.text)
    ADC3_IRQHandler                          0x0800015f   Thumb Code     0  startup_stm32f10x_hd.o(.text)
    CAN1_RX1_IRQHandler                      0x0800015f   Thumb Code     0  startup_stm32f10x_hd.o(.text)
    CAN1_SCE_IRQHandler                      0x0800015f   Thumb Code     0  startup_stm32f10x_hd.o(.text)
    DMA1_Channel1_IRQHandler                 0x0800015f   Thumb Code     0  startup_stm32f10x_hd.o(.text)
    DMA2_Channel1_IRQHandler                 0x0800015f   Thumb Code     0  startup_stm32f10x_hd.o(.text)
    DMA2_Channel2_IRQHandler                 0x0800015f   Thumb Code     0  startup_stm32f10x_hd.o(.text)
    DMA2_Channel3_IRQHandler                 0x0800015f   Thumb Code     0  startup_stm32f10x_hd.o(.text)
    DMA2_Channel4_5_IRQHandler               0x0800015f   Thumb Code     0  startup_stm32f10x_hd.o(.text)
    EXTI0_IRQHandler                         0x0800015f   Thumb Code     0  startup_stm32f10x_hd.o(.text)
    EXTI15_10_IRQHandler                     0x0800015f   Thumb Code     0  startup_stm32f10x_hd.o(.text)
    EXTI4_IRQHandler                         0x0800015f   Thumb Code     0  startup_stm32f10x_hd.o(.text)
    FLASH_IRQHandler                         0x0800015f   Thumb Code     0  startup_stm32f10x_hd.o(.text)
    FSMC_IRQHandler                          0x0800015f   Thumb Code     0  startup_stm32f10x_hd.o(.text)
    I2C1_ER_IRQHandler                       0x0800015f   Thumb Code     0  startup_stm32f10x_hd.o(.text)
    I2C1_EV_IRQHandler                       0x0800015f   Thumb Code     0  startup_stm32f10x_hd.o(.text)
    I2C2_ER_IRQHandler                       0x0800015f   Thumb Code     0  startup_stm32f10x_hd.o(.text)
    I2C2_EV_IRQHandler                       0x0800015f   Thumb Code     0  startup_stm32f10x_hd.o(.text)
    PVD_IRQHandler                           0x0800015f   Thumb Code     0  startup_stm32f10x_hd.o(.text)
    RCC_IRQHandler                           0x0800015f   Thumb Code     0  startup_stm32f10x_hd.o(.text)
    RTCAlarm_IRQHandler                      0x0800015f   Thumb Code     0  startup_stm32f10x_hd.o(.text)
    RTC_IRQHandler                           0x0800015f   Thumb Code     0  startup_stm32f10x_hd.o(.text)
    SDIO_IRQHandler                          0x0800015f   Thumb Code     0  startup_stm32f10x_hd.o(.text)
    SPI1_IRQHandler                          0x0800015f   Thumb Code     0  startup_stm32f10x_hd.o(.text)
    SPI2_IRQHandler                          0x0800015f   Thumb Code     0  startup_stm32f10x_hd.o(.text)
    SPI3_IRQHandler                          0x0800015f   Thumb Code     0  startup_stm32f10x_hd.o(.text)
    TAMPER_IRQHandler                        0x0800015f   Thumb Code     0  startup_stm32f10x_hd.o(.text)
    TIM1_BRK_IRQHandler                      0x0800015f   Thumb Code     0  startup_stm32f10x_hd.o(.text)
    TIM1_CC_IRQHandler                       0x0800015f   Thumb Code     0  startup_stm32f10x_hd.o(.text)
    TIM1_TRG_COM_IRQHandler                  0x0800015f   Thumb Code     0  startup_stm32f10x_hd.o(.text)
    TIM1_UP_IRQHandler                       0x0800015f   Thumb Code     0  startup_stm32f10x_hd.o(.text)
    TIM7_IRQHandler                          0x0800015f   Thumb Code     0  startup_stm32f10x_hd.o(.text)
    TIM8_BRK_IRQHandler                      0x0800015f   Thumb Code     0  startup_stm32f10x_hd.o(.text)
    TIM8_CC_IRQHandler                       0x0800015f   Thumb Code     0  startup_stm32f10x_hd.o(.text)
    TIM8_TRG_COM_IRQHandler                  0x0800015f   Thumb Code     0  startup_stm32f10x_hd.o(.text)
    TIM8_UP_IRQHandler                       0x0800015f   Thumb Code     0  startup_stm32f10x_hd.o(.text)
    UART4_IRQHandler                         0x0800015f   Thumb Code     0  startup_stm32f10x_hd.o(.text)
    UART5_IRQHandler                         0x0800015f   Thumb Code     0  startup_stm32f10x_hd.o(.text)
    USART1_IRQHandler                        0x0800015f   Thumb Code     0  startup_stm32f10x_hd.o(.text)
    USART2_IRQHandler                        0x0800015f   Thumb Code     0  startup_stm32f10x_hd.o(.text)
    USART3_IRQHandler                        0x0800015f   Thumb Code     0  startup_stm32f10x_hd.o(.text)
    USBWakeUp_IRQHandler                     0x0800015f   Thumb Code     0  startup_stm32f10x_hd.o(.text)
    USB_HP_CAN1_TX_IRQHandler                0x0800015f   Thumb Code     0  startup_stm32f10x_hd.o(.text)
    USB_LP_CAN1_RX0_IRQHandler               0x0800015f   Thumb Code     0  startup_stm32f10x_hd.o(.text)
    WWDG_IRQHandler                          0x0800015f   Thumb Code     0  startup_stm32f10x_hd.o(.text)
    __aeabi_memcpy                           0x08000169   Thumb Code    36  memcpya.o(.text)
    __aeabi_memcpy4                          0x08000169   Thumb Code     0  memcpya.o(.text)
    __aeabi_memcpy8                          0x08000169   Thumb Code     0  memcpya.o(.text)
    __aeabi_memset                           0x0800018d   Thumb Code    14  memseta.o(.text)
    __aeabi_memset4                          0x0800018d   Thumb Code     0  memseta.o(.text)
    __aeabi_memset8                          0x0800018d   Thumb Code     0  memseta.o(.text)
    __aeabi_memclr                           0x0800019b   Thumb Code     4  memseta.o(.text)
    __aeabi_memclr4                          0x0800019b   Thumb Code     0  memseta.o(.text)
    __aeabi_memclr8                          0x0800019b   Thumb Code     0  memseta.o(.text)
    _memset$wrapper                          0x0800019f   Thumb Code    20  memseta.o(.text)
    atoi                                     0x080001b3   Thumb Code    26  atoi.o(.text)
    __aeabi_fadd                             0x080001cd   Thumb Code   164  fadd.o(.text)
    __aeabi_fsub                             0x08000271   Thumb Code     6  fadd.o(.text)
    __aeabi_frsub                            0x08000277   Thumb Code     6  fadd.o(.text)
    __aeabi_fmul                             0x0800027d   Thumb Code   108  fmul.o(.text)
    __aeabi_fdiv                             0x080002e9   Thumb Code   128  fdiv.o(.text)
    __aeabi_dadd                             0x08000369   Thumb Code   320  dadd.o(.text)
    __aeabi_dsub                             0x080004a9   Thumb Code     6  dadd.o(.text)
    __aeabi_drsub                            0x080004af   Thumb Code     6  dadd.o(.text)
    __aeabi_dmul                             0x080004b5   Thumb Code   224  dmul.o(.text)
    __aeabi_ddiv                             0x08000595   Thumb Code   222  ddiv.o(.text)
    __ARM_scalbn                             0x08000673   Thumb Code    46  dscalb.o(.text)
    scalbn                                   0x08000673   Thumb Code     0  dscalb.o(.text)
    __aeabi_i2f                              0x080006a1   Thumb Code    18  fflti.o(.text)
    __aeabi_ui2f                             0x080006b3   Thumb Code    10  ffltui.o(.text)
    __aeabi_i2d                              0x080006bd   Thumb Code    34  dflti.o(.text)
    __aeabi_ui2d                             0x080006df   Thumb Code    26  dfltui.o(.text)
    __aeabi_f2iz                             0x080006f9   Thumb Code    50  ffixi.o(.text)
    __aeabi_f2uiz                            0x0800072b   Thumb Code    40  ffixui.o(.text)
    __aeabi_d2iz                             0x08000753   Thumb Code    62  dfixi.o(.text)
    __aeabi_d2uiz                            0x08000791   Thumb Code    46  dfixui.o(.text)
    __aeabi_f2d                              0x080007bf   Thumb Code    44  f2d.o(.text)
    __aeabi_cdcmpeq                          0x080007ed   Thumb Code     0  cdcmple.o(.text)
    __aeabi_cdcmple                          0x080007ed   Thumb Code    38  cdcmple.o(.text)
    __aeabi_d2f                              0x08000815   Thumb Code    56  d2f.o(.text)
    __aeabi_uidiv                            0x0800084d   Thumb Code     0  uidiv.o(.text)
    __aeabi_uidivmod                         0x0800084d   Thumb Code    44  uidiv.o(.text)
    __aeabi_uldivmod                         0x08000879   Thumb Code    98  uldiv.o(.text)
    __aeabi_llsl                             0x080008db   Thumb Code    30  llshl.o(.text)
    _ll_shift_l                              0x080008db   Thumb Code     0  llshl.o(.text)
    __aeabi_llsr                             0x080008f9   Thumb Code    32  llushr.o(.text)
    _ll_ushift_r                             0x080008f9   Thumb Code     0  llushr.o(.text)
    __aeabi_lasr                             0x08000919   Thumb Code    36  llsshr.o(.text)
    _ll_sshift_r                             0x08000919   Thumb Code     0  llsshr.o(.text)
    strtol                                   0x0800093d   Thumb Code   112  strtol.o(.text)
    __I$use$fp                               0x080009ad   Thumb Code     0  iusefp.o(.text)
    _float_round                             0x080009ad   Thumb Code    18  fepilogue.o(.text)
    _float_epilogue                          0x080009bf   Thumb Code    90  fepilogue.o(.text)
    _double_round                            0x08000a19   Thumb Code    26  depilogue.o(.text)
    _double_epilogue                         0x08000a33   Thumb Code   164  depilogue.o(.text)
    __aeabi_d2ulz                            0x08000ad7   Thumb Code    48  dfixul.o(.text)
    __aeabi_cdrcmple                         0x08000b09   Thumb Code    38  cdrcmple.o(.text)
    __scatterload                            0x08000b31   Thumb Code    28  init.o(.text)
    __scatterload_rt2                        0x08000b31   Thumb Code     0  init.o(.text)
    __rt_ctype_table                         0x08000b55   Thumb Code     4  ctype_o.o(.text)
    _strtoul                                 0x08000b5d   Thumb Code   158  _strtoul.o(.text)
    _dsqrt                                   0x08000bfb   Thumb Code   162  dsqrt.o(.text)
    _chval                                   0x08000c9d   Thumb Code    28  _chval.o(.text)
    __decompress                             0x08000cb9   Thumb Code     0  __dczerorl2.o(.text)
    __decompress1                            0x08000cb9   Thumb Code    92  __dczerorl2.o(.text)
    ADC1_2_IRQHandler                        0x08000d15   Thumb Code     2  stm32f10x_it.o(i.ADC1_2_IRQHandler)
    ADC_Cmd                                  0x08000d17   Thumb Code    20  stm32f10x_adc.o(i.ADC_Cmd)
    ADC_Configuration                        0x08000d2d   Thumb Code   208  main.o(i.ADC_Configuration)
    ADC_DMACmd                               0x08000e09   Thumb Code    20  stm32f10x_adc.o(i.ADC_DMACmd)
    ADC_GetCalibrationStatus                 0x08000e1d   Thumb Code    14  stm32f10x_adc.o(i.ADC_GetCalibrationStatus)
    ADC_GetResetCalibrationStatus            0x08000e2b   Thumb Code    14  stm32f10x_adc.o(i.ADC_GetResetCalibrationStatus)
    ADC_Init                                 0x08000e39   Thumb Code    62  stm32f10x_adc.o(i.ADC_Init)
    ADC_RegularChannelConfig                 0x08000e81   Thumb Code   116  stm32f10x_adc.o(i.ADC_RegularChannelConfig)
    ADC_ResetCalibration                     0x08000ef5   Thumb Code    10  stm32f10x_adc.o(i.ADC_ResetCalibration)
    ADC_SoftwareStartConvCmd                 0x08000eff   Thumb Code    20  stm32f10x_adc.o(i.ADC_SoftwareStartConvCmd)
    ADC_StartCalibration                     0x08000f13   Thumb Code    10  stm32f10x_adc.o(i.ADC_StartCalibration)
    AutoCtrlPower                            0x08000f1d   Thumb Code   204  main.o(i.AutoCtrlPower)
    BusFault_Handler                         0x08001009   Thumb Code     2  stm32f10x_it.o(i.BusFault_Handler)
    Check1963                                0x0800100d   Thumb Code   128  main.o(i.Check1963)
    CheckLCD                                 0x080010f1   Thumb Code    54  main.o(i.CheckLCD)
    CommDMAMode                              0x08001189   Thumb Code   282  usart.o(i.CommDMAMode)
    CommInit                                 0x080012bd   Thumb Code   366  usart.o(i.CommInit)
    CommRecv                                 0x08001449   Thumb Code    58  usart.o(i.CommRecv)
    CommTurnBuffer                           0x08001489   Thumb Code    62  usart.o(i.CommTurnBuffer)
    Ctrl_Operating_Mode                      0x080014cd   Thumb Code   650  main.o(i.Ctrl_Operating_Mode)
    Ctrl_Power                               0x0800176d   Thumb Code   412  main.o(i.Ctrl_Power)
    Ctrl_RedLight                            0x08001951   Thumb Code    20  main.o(i.Ctrl_RedLight)
    Ctrl_Timing_Device                       0x08001969   Thumb Code    56  main.o(i.Ctrl_Timing_Device)
    Ctrl_Wavelength                          0x080019a5   Thumb Code   170  main.o(i.Ctrl_Wavelength)
    DAC_Cmd                                  0x08001a61   Thumb Code    20  stm32f10x_dac.o(i.DAC_Cmd)
    DAC_Configuration                        0x08001a79   Thumb Code    44  main.o(i.DAC_Configuration)
    DAC_Init                                 0x08001aa5   Thumb Code    36  stm32f10x_dac.o(i.DAC_Init)
    DAC_SetChannel1Data                      0x08001acd   Thumb Code     8  stm32f10x_dac.o(i.DAC_SetChannel1Data)
    DAC_SoftwareTriggerCmd                   0x08001ad9   Thumb Code    24  stm32f10x_dac.o(i.DAC_SoftwareTriggerCmd)
    DMA1_Channel2_IRQHandler                 0x08001af5   Thumb Code    24  stm32f10x_it.o(i.DMA1_Channel2_IRQHandler)
    DMA1_Channel3_IRQHandler                 0x08001b0d   Thumb Code    46  stm32f10x_it.o(i.DMA1_Channel3_IRQHandler)
    DMA1_Channel4_IRQHandler                 0x08001b45   Thumb Code    28  stm32f10x_it.o(i.DMA1_Channel4_IRQHandler)
    DMA1_Channel5_IRQHandler                 0x08001b61   Thumb Code    46  stm32f10x_it.o(i.DMA1_Channel5_IRQHandler)
    DMA1_Channel6_IRQHandler                 0x08001b99   Thumb Code    46  stm32f10x_it.o(i.DMA1_Channel6_IRQHandler)
    DMA1_Channel7_IRQHandler                 0x08001bd1   Thumb Code    28  stm32f10x_it.o(i.DMA1_Channel7_IRQHandler)
    DMA_ClearFlag                            0x08001bed   Thumb Code    16  stm32f10x_dma.o(i.DMA_ClearFlag)
    DMA_ClearITPendingBit                    0x08001c05   Thumb Code    16  stm32f10x_dma.o(i.DMA_ClearITPendingBit)
    DMA_Cmd                                  0x08001c1d   Thumb Code    22  stm32f10x_dma.o(i.DMA_Cmd)
    DMA_DeInit                               0x08001c35   Thumb Code   218  stm32f10x_dma.o(i.DMA_DeInit)
    DMA_GetFlagStatus                        0x08001d19   Thumb Code    24  stm32f10x_dma.o(i.DMA_GetFlagStatus)
    DMA_GetITStatus                          0x08001d39   Thumb Code    24  stm32f10x_dma.o(i.DMA_GetITStatus)
    DMA_ITConfig                             0x08001d59   Thumb Code    16  stm32f10x_dma.o(i.DMA_ITConfig)
    DMA_Init                                 0x08001d69   Thumb Code    58  stm32f10x_dma.o(i.DMA_Init)
    DebugMon_Handler                         0x08001da3   Thumb Code     2  stm32f10x_it.o(i.DebugMon_Handler)
    Delay_ms                                 0x08001da5   Thumb Code    12  key.o(i.Delay_ms)
    DrawFocus                                0x08001db5   Thumb Code    56  main.o(i.DrawFocus)
    EXTI1_IRQHandler                         0x08001ded   Thumb Code    30  stm32f10x_it.o(i.EXTI1_IRQHandler)
    EXTI2_IRQHandler                         0x08001e0b   Thumb Code    30  stm32f10x_it.o(i.EXTI2_IRQHandler)
    EXTI3_IRQHandler                         0x08001e29   Thumb Code    30  stm32f10x_it.o(i.EXTI3_IRQHandler)
    EXTI9_5_IRQHandler                       0x08001e47   Thumb Code    70  stm32f10x_it.o(i.EXTI9_5_IRQHandler)
    EXTI_ClearITPendingBit                   0x08001e8d   Thumb Code     6  stm32f10x_exti.o(i.EXTI_ClearITPendingBit)
    EXTI_GetITStatus                         0x08001e99   Thumb Code    28  stm32f10x_exti.o(i.EXTI_GetITStatus)
    FLASH_ClearFlag                          0x08001eb9   Thumb Code     6  stm32f10x_flash.o(i.FLASH_ClearFlag)
    FLASH_Configuration                      0x08001ec5   Thumb Code   174  main.o(i.FLASH_Configuration)
    FLASH_ErasePage                          0x08002041   Thumb Code    56  stm32f10x_flash.o(i.FLASH_ErasePage)
    FLASH_GetBank1Status                     0x0800207d   Thumb Code    34  stm32f10x_flash.o(i.FLASH_GetBank1Status)
    FLASH_Lock                               0x080020a5   Thumb Code    12  stm32f10x_flash.o(i.FLASH_Lock)
    FLASH_ProgramWord                        0x080020b5   Thumb Code    68  stm32f10x_flash.o(i.FLASH_ProgramWord)
    FLASH_Unlock                             0x080020fd   Thumb Code    12  stm32f10x_flash.o(i.FLASH_Unlock)
    FLASH_WaitForLastOperation               0x08002115   Thumb Code    36  stm32f10x_flash.o(i.FLASH_WaitForLastOperation)
    FSMC_NORSRAMCmd                          0x08002139   Thumb Code    28  stm32f10x_fsmc.o(i.FSMC_NORSRAMCmd)
    FSMC_NORSRAMInit                         0x08002159   Thumb Code   192  stm32f10x_fsmc.o(i.FSMC_NORSRAMInit)
    Function_IO_config                       0x08002219   Thumb Code   206  main.o(i.Function_IO_config)
    GPIO_Init                                0x080022f5   Thumb Code   164  stm32f10x_gpio.o(i.GPIO_Init)
    GPIO_PinRemapConfig                      0x08002399   Thumb Code    82  stm32f10x_gpio.o(i.GPIO_PinRemapConfig)
    GPIO_ReadInputDataBit                    0x080023f1   Thumb Code    14  stm32f10x_gpio.o(i.GPIO_ReadInputDataBit)
    GPIO_ResetBits                           0x080023ff   Thumb Code     4  stm32f10x_gpio.o(i.GPIO_ResetBits)
    GPIO_SetBits                             0x08002403   Thumb Code     4  stm32f10x_gpio.o(i.GPIO_SetBits)
    GUI_Text                                 0x08002409   Thumb Code    72  glcd.o(i.GUI_Text)
    GetAD                                    0x08002451   Thumb Code    74  main.o(i.GetAD)
    HardFault_Handler                        0x080024a5   Thumb Code     2  stm32f10x_it.o(i.HardFault_Handler)
    InputPanel                               0x080024a9   Thumb Code   678  ts100_draw.o(i.InputPanel)
    IsHacker                                 0x0800275d   Thumb Code    66  main.o(i.IsHacker)
    KeyDown                                  0x080027a9   Thumb Code    94  key.o(i.KeyDown)
    KeyDown_Ex                               0x0800280d   Thumb Code    40  key.o(i.KeyDown_Ex)
    KeyPress                                 0x08002835   Thumb Code   102  key.o(i.KeyPress)
    LCD_Batter_Show                          0x080028a1   Thumb Code    64  ts100_draw.o(i.LCD_Batter_Show)
    LCD_Clear                                0x080028f9   Thumb Code    44  glcd.o(i.LCD_Clear)
    LCD_Configuration                        0x08002929   Thumb Code    14  glcd.o(i.LCD_Configuration)
    LCD_CtrlLinesConfig                      0x08002939   Thumb Code   174  glcd.o(i.LCD_CtrlLinesConfig)
    LCD_DrawMain                             0x080029f5   Thumb Code   168  main.o(i.LCD_DrawMain)
    LCD_FLSAH_DrawPicture                    0x08002aad   Thumb Code   152  ts100_draw.o(i.LCD_FLSAH_DrawPicture)
    LCD_GetPoint                             0x08002ba9   Thumb Code    24  glcd.o(i.LCD_GetPoint)
    LCD_Initializtion                        0x08002bc5   Thumb Code   450  glcd.o(i.LCD_Initializtion)
    LCD_OperatMode_Selection                 0x08002d8d   Thumb Code   458  ts100_draw.o(i.LCD_OperatMode_Selection)
    LCD_Power_Control_Selection_Ex           0x08002f81   Thumb Code   178  ts100_draw.o(i.LCD_Power_Control_Selection_Ex)
    LCD_ReadReg                              0x08003041   Thumb Code    16  glcd.o(i.LCD_ReadReg)
    LCD_RedLight_Show                        0x08003055   Thumb Code    26  ts100_draw.o(i.LCD_RedLight_Show)
    LCD_SetArea                              0x08003079   Thumb Code    42  gl_ui.o(i.LCD_SetArea)
    LCD_SetBacklight                         0x080030a9   Thumb Code    30  glcd.o(i.LCD_SetBacklight)
    LCD_SetPoint                             0x080030cd   Thumb Code    36  glcd.o(i.LCD_SetPoint)
    LCD_Timing_Display                       0x080030f5   Thumb Code    84  ts100_draw.o(i.LCD_Timing_Display)
    LCD_Wavelength_Selection_Ex              0x08003171   Thumb Code   318  ts100_draw.o(i.LCD_Wavelength_Selection_Ex)
    MemManage_Handler                        0x080032d1   Thumb Code     2  stm32f10x_it.o(i.MemManage_Handler)
    NMI_Handler                              0x080032d3   Thumb Code     2  stm32f10x_it.o(i.NMI_Handler)
    NVIC_Configuration                       0x080032d5   Thumb Code   138  main.o(i.NVIC_Configuration)
    NVIC_Init                                0x08003361   Thumb Code    90  misc.o(i.NVIC_Init)
    NVIC_PriorityGroupConfig                 0x080033c5   Thumb Code    10  misc.o(i.NVIC_PriorityGroupConfig)
    NVIC_SetVectorTable                      0x080033d9   Thumb Code    12  misc.o(i.NVIC_SetVectorTable)
    PendSV_Handler                           0x080033ed   Thumb Code     2  stm32f10x_it.o(i.PendSV_Handler)
    ProChargerMonitor                        0x080033f1   Thumb Code   382  main.o(i.ProChargerMonitor)
    ProGet1963State                          0x080035dd   Thumb Code   624  main.o(i.ProGet1963State)
    ProTick1963IsLive                        0x080039e1   Thumb Code    48  main.o(i.ProTick1963IsLive)
    ProTimerShutdown                         0x08003a25   Thumb Code    94  main.o(i.ProTimerShutdown)
    PutChar                                  0x08003a91   Thumb Code    78  glcd.o(i.PutChar)
    RCC_AHBPeriphClockCmd                    0x08003ae1   Thumb Code    18  stm32f10x_rcc.o(i.RCC_AHBPeriphClockCmd)
    RCC_APB1PeriphClockCmd                   0x08003af9   Thumb Code    18  stm32f10x_rcc.o(i.RCC_APB1PeriphClockCmd)
    RCC_APB2PeriphClockCmd                   0x08003b11   Thumb Code    18  stm32f10x_rcc.o(i.RCC_APB2PeriphClockCmd)
    RCC_GetClocksFreq                        0x08003b29   Thumb Code   138  stm32f10x_rcc.o(i.RCC_GetClocksFreq)
    ReadFlash                                0x08003bc5   Thumb Code    38  flash.o(i.ReadFlash)
    SSD1963_IsRestart                        0x08003c15   Thumb Code    28  glcd.o(i.SSD1963_IsRestart)
    SSD1963_PowerUp                          0x08003c35   Thumb Code    92  glcd.o(i.SSD1963_PowerUp)
    SSD1963_SetCheckFlag                     0x08003cf9   Thumb Code    20  glcd.o(i.SSD1963_SetCheckFlag)
    SVC_Handler                              0x08003d11   Thumb Code     2  stm32f10x_it.o(i.SVC_Handler)
    Show_Matrix_zimo                         0x08003da9   Thumb Code   106  ts100_draw.o(i.Show_Matrix_zimo)
    SysTick_CLKSourceConfig                  0x08003e13   Thumb Code    24  misc.o(i.SysTick_CLKSourceConfig)
    SysTick_ITConfig                         0x08003e2b   Thumb Code    24  stm32f10x_systick.o(i.SysTick_ITConfig)
    SystemInit                               0x08003e45   Thumb Code    64  system_stm32f10x.o(i.SystemInit)
    TIM2_IRQHandler                          0x08003e95   Thumb Code   216  stm32f10x_it.o(i.TIM2_IRQHandler)
    TIM2_Init                                0x08003f9d   Thumb Code    76  main.o(i.TIM2_Init)
    TIM3_IRQHandler                          0x08003fe9   Thumb Code    60  stm32f10x_it.o(i.TIM3_IRQHandler)
    TIM3_Init                                0x08004031   Thumb Code    80  main.o(i.TIM3_Init)
    TIM4_IRQHandler                          0x08004085   Thumb Code    60  stm32f10x_it.o(i.TIM4_IRQHandler)
    TIM4_Init                                0x080040cd   Thumb Code    80  main.o(i.TIM4_Init)
    TIM5_IRQHandler                          0x08004121   Thumb Code    60  stm32f10x_it.o(i.TIM5_IRQHandler)
    TIM5_Init                                0x08004169   Thumb Code    80  main.o(i.TIM5_Init)
    TIM6_IRQHandler                          0x080041bd   Thumb Code    94  stm32f10x_it.o(i.TIM6_IRQHandler)
    TIM6_Init                                0x08004241   Thumb Code    72  main.o(i.TIM6_Init)
    TIM_ClearITPendingBit                    0x0800428d   Thumb Code     6  stm32f10x_tim.o(i.TIM_ClearITPendingBit)
    TIM_Cmd                                  0x08004293   Thumb Code    20  stm32f10x_tim.o(i.TIM_Cmd)
    TIM_GetITStatus                          0x080042a7   Thumb Code    22  stm32f10x_tim.o(i.TIM_GetITStatus)
    TIM_ITConfig                             0x080042bd   Thumb Code    16  stm32f10x_tim.o(i.TIM_ITConfig)
    TIM_TimeBaseInit                         0x080042cd   Thumb Code   114  stm32f10x_tim.o(i.TIM_TimeBaseInit)
    TouchPanel_Calibrate                     0x08004369   Thumb Code    52  touchpanel.o(i.TouchPanel_Calibrate)
    TurnOffPower                             0x080043ad   Thumb Code    68  main.o(i.TurnOffPower)
    TurnOnPower                              0x080043fd   Thumb Code   100  main.o(i.TurnOnPower)
    UI_DebugMain                             0x0800446d   Thumb Code  1294  ts100_draw.o(i.UI_DebugMain)
    UI_ProMode                               0x08004985   Thumb Code    74  main.o(i.UI_ProMode)
    UI_ProPower                              0x080049dd   Thumb Code    74  main.o(i.UI_ProPower)
    UI_ProRedLight_ShutdownTimer             0x08004a35   Thumb Code   136  main.o(i.UI_ProRedLight_ShutdownTimer)
    UI_ProRedraw                             0x08004ac5   Thumb Code   106  main.o(i.UI_ProRedraw)
    UI_ProWavelength                         0x08004b39   Thumb Code   106  main.o(i.UI_ProWavelength)
    UI_ProductionAdjust                      0x08004bb1   Thumb Code   788  main.o(i.UI_ProductionAdjust)
    USART_Cmd                                0x08004f1d   Thumb Code    20  stm32f10x_usart.o(i.USART_Cmd)
    USART_Configuration                      0x08004f31   Thumb Code    78  main.o(i.USART_Configuration)
    USART_DMACmd                             0x08004f85   Thumb Code    16  stm32f10x_usart.o(i.USART_DMACmd)
    USART_GetFlagStatus                      0x08004f95   Thumb Code    14  stm32f10x_usart.o(i.USART_GetFlagStatus)
    USART_Init                               0x08004fa5   Thumb Code   176  stm32f10x_usart.o(i.USART_Init)
    USART_SendData                           0x08005059   Thumb Code     8  stm32f10x_usart.o(i.USART_SendData)
    UsageFault_Handler                       0x08005061   Thumb Code     2  stm32f10x_it.o(i.UsageFault_Handler)
    WriteFlash                               0x08005063   Thumb Code    70  flash.o(i.WriteFlash)
    __0printf                                0x080050a9   Thumb Code    22  printfa.o(i.__0printf)
    __1printf                                0x080050a9   Thumb Code     0  printfa.o(i.__0printf)
    __2printf                                0x080050a9   Thumb Code     0  printfa.o(i.__0printf)
    __c89printf                              0x080050a9   Thumb Code     0  printfa.o(i.__0printf)
    printf                                   0x080050a9   Thumb Code     0  printfa.o(i.__0printf)
    __0sprintf                               0x080050c9   Thumb Code    34  printfa.o(i.__0sprintf)
    __1sprintf                               0x080050c9   Thumb Code     0  printfa.o(i.__0sprintf)
    __2sprintf                               0x080050c9   Thumb Code     0  printfa.o(i.__0sprintf)
    __c89sprintf                             0x080050c9   Thumb Code     0  printfa.o(i.__0sprintf)
    sprintf                                  0x080050c9   Thumb Code     0  printfa.o(i.__0sprintf)
    __ARM_fpclassify                         0x080050f1   Thumb Code    40  fpclassify.o(i.__ARM_fpclassify)
    __aeabi_errno_addr                       0x08005119   Thumb Code     4  errno.o(i.__aeabi_errno_addr)
    __rt_errno_addr                          0x08005119   Thumb Code     0  errno.o(i.__aeabi_errno_addr)
    __kernel_poly                            0x08005121   Thumb Code   170  poly.o(i.__kernel_poly)
    __mathlib_dbl_underflow                  0x080051cd   Thumb Code    10  dunder.o(i.__mathlib_dbl_underflow)
    __scatterload_copy                       0x080051dd   Thumb Code    14  handlers.o(i.__scatterload_copy)
    __scatterload_null                       0x080051eb   Thumb Code     2  handlers.o(i.__scatterload_null)
    __scatterload_zeroinit                   0x080051ed   Thumb Code    14  handlers.o(i.__scatterload_zeroinit)
    __set_errno                              0x080051fd   Thumb Code     6  errno.o(i.__set_errno)
    atof_                                    0x08005ac5   Thumb Code   230  base.o(i.atof_)
    delay_init                               0x08005bb9   Thumb Code    52  systick.o(i.delay_init)
    draw_arrow                               0x08005c11   Thumb Code    12  ui.o(i.draw_arrow)
    fputc                                    0x08005c1d   Thumb Code    30  usart.o(i.fputc)
    gl_clear                                 0x08005c41   Thumb Code    52  gl_ui.o(i.gl_clear)
    gl_fill_rect                             0x08005c79   Thumb Code   126  gl_ui.o(i.gl_fill_rect)
    gl_horizon_line                          0x08005d01   Thumb Code    36  gl_ui.o(i.gl_horizon_line)
    gl_key_exti                              0x08005d2d   Thumb Code    56  gl_key.o(i.gl_key_exti)
    gl_picture                               0x08005d6d   Thumb Code   526  gl_ui.o(i.gl_picture)
    gl_setarea                               0x08005f85   Thumb Code    16  gl_ui.o(i.gl_setarea)
    gl_setpoint                              0x08005f95   Thumb Code     6  gl_ui.o(i.gl_setpoint)
    gl_text                                  0x08005fa1   Thumb Code    92  gl_ui.o(i.gl_text)
    gl_ui_setbkcolor                         0x08006005   Thumb Code    10  gl_ui.o(i.gl_ui_setbkcolor)
    gl_ui_setbkmode                          0x08006015   Thumb Code    10  gl_ui.o(i.gl_ui_setbkmode)
    gl_ui_setbrushcolor                      0x08006025   Thumb Code    10  gl_ui.o(i.gl_ui_setbrushcolor)
    gl_ui_setfontcolor                       0x08006035   Thumb Code    10  gl_ui.o(i.gl_ui_setfontcolor)
    gl_ui_setlib                             0x08006045   Thumb Code    66  gl_ui.o(i.gl_ui_setlib)
    gl_ui_setpencolor                        0x08006091   Thumb Code    10  gl_ui.o(i.gl_ui_setpencolor)
    gl_vertical_line                         0x080060a1   Thumb Code    34  gl_ui.o(i.gl_vertical_line)
    main                                     0x080060cd   Thumb Code   236  main.o(i.main)
    pow                                      0x08006209   Thumb Code  2522  pow.o(i.pow)
    setCalibrationMatrix                     0x08006bf5   Thumb Code   324  touchpanel.o(i.setCalibrationMatrix)
    sqrt                                     0x08006d39   Thumb Code    76  sqrt.o(i.sqrt)
    gImage_logo                              0x08006d84   Data       27702  picturedata.o(.constdata)
    gImage_dbm                               0x0800d9ba   Data        4158  picturedata.o(.constdata)
    gImage_battery_0_4                       0x0800e9f8   Data        4928  picturedata.o(.constdata)
    gImage_battery_1_4                       0x0800fd38   Data        4928  picturedata.o(.constdata)
    gImage_battery_2_4                       0x08011078   Data        4928  picturedata.o(.constdata)
    gImage_battery_3_4                       0x080123b8   Data        4928  picturedata.o(.constdata)
    gImage_battery_4_4                       0x080136f8   Data        4928  picturedata.o(.constdata)
    gImage_battery_ac                        0x08014a38   Data        4928  picturedata.o(.constdata)
    gImage_redlight_off                      0x08015d78   Data        5456  picturedata.o(.constdata)
    gImage_redlight_on                       0x080172c8   Data        5456  picturedata.o(.constdata)
    gImage_t_10min                           0x08018818   Data        6776  picturedata.o(.constdata)
    gImage_t_off                             0x0801a290   Data        6776  picturedata.o(.constdata)
    zm_a_z_st9_8_12                          0x0801bd08   Data         312  zimo_st9.o(.constdata)
    zm_A_Z_st9_8_12                          0x0801be40   Data         312  zimo_st9.o(.constdata)
    zm_0_9_st9_8_12                          0x0801bf78   Data         120  zimo_st9.o(.constdata)
    zm_sign_st9_8_12                         0x0801bff0   Data          24  zimo_st9.o(.constdata)
    zm_sign_space_st9_8_12                   0x0801c008   Data          12  zimo_st9.o(.constdata)
    zm_sign_colon_st9_8_12                   0x0801c014   Data          12  zimo_st9.o(.constdata)
    __mathlib_zero                           0x0801c490   Data           8  qnan.o(.constdata)
    __ctype_table                            0x0801c498   Data         129  ctype_o.o(.constdata)
    Region$$Table$$Base                      0x0801c590   Number         0  anon$$obj.o(Region$$Table)
    Region$$Table$$Limit                     0x0801c5b0   Number         0  anon$$obj.o(Region$$Table)
    Num_fuhao                                0x20000000   Data         224  picturedata.o(.data)
    Num_0                                    0x200000e0   Data         224  picturedata.o(.data)
    Num_1                                    0x200001c0   Data         224  picturedata.o(.data)
    Num_2                                    0x200002a0   Data         224  picturedata.o(.data)
    Num_3                                    0x20000380   Data         224  picturedata.o(.data)
    Num_4                                    0x20000460   Data         224  picturedata.o(.data)
    Num_5                                    0x20000540   Data         224  picturedata.o(.data)
    Num_6                                    0x20000620   Data         224  picturedata.o(.data)
    Num_7                                    0x20000700   Data         224  picturedata.o(.data)
    Num_8                                    0x200007e0   Data         224  picturedata.o(.data)
    Num_9                                    0x200008c0   Data         224  picturedata.o(.data)
    Num_00                                   0x200009a0   Data          58  picturedata.o(.data)
    Num_01                                   0x200009da   Data          58  picturedata.o(.data)
    Num_02                                   0x20000a14   Data          58  picturedata.o(.data)
    Num_03                                   0x20000a4e   Data          58  picturedata.o(.data)
    Num_04                                   0x20000a88   Data          58  picturedata.o(.data)
    Num_05                                   0x20000ac2   Data          58  picturedata.o(.data)
    Num_07                                   0x20000afc   Data          58  picturedata.o(.data)
    Num_09                                   0x20000b36   Data          58  picturedata.o(.data)
    Num_0dian                                0x20000b70   Data          58  picturedata.o(.data)
    Num_0H                                   0x20000baa   Data          58  picturedata.o(.data)
    Num_0z                                   0x20000be4   Data          58  picturedata.o(.data)
    Num_0K                                   0x20000c1e   Data          58  picturedata.o(.data)
    Num_0n                                   0x20000c58   Data          58  picturedata.o(.data)
    Num_0m                                   0x20000c92   Data          58  picturedata.o(.data)
    Num_0C                                   0x20000ccc   Data          58  picturedata.o(.data)
    Num_0W                                   0x20000d06   Data          58  picturedata.o(.data)
    p_zm_ascii_st9                           0x20000d50   Data         512  zimo_st9.o(.data)
    p_zm_step_st9                            0x20000f50   Data         128  zimo_st9.o(.data)
    g_delay_ms                               0x20000fd2   Data           2  key.o(.data)
    g_red_onoff                              0x20000fe0   Data           1  main.o(.data)
    g_red_mode                               0x20000fe1   Data           1  main.o(.data)
    g_autoctrlpower_en                       0x20000fe2   Data           1  main.o(.data)
    g_key_timer_100ms                        0x20000fe3   Data           1  main.o(.data)
    powerDownDelayCnt                        0x20000fe6   Data           2  main.o(.data)
    g_batter_delay                           0x20000fe8   Data           2  main.o(.data)
    g_power_down                             0x20000fea   Data           2  main.o(.data)
    g_adjust_ms                              0x20000fec   Data           2  main.o(.data)
    g_usart_ms                               0x20000fee   Data           2  main.o(.data)
    g_lcdlisten_ms                           0x20000ff0   Data           2  main.o(.data)
    Timer_State                              0x20000ff2   Data           2  main.o(.data)
    Timer_Counter                            0x20000ff4   Data           2  main.o(.data)
    Wavelength_Selection_state               0x20000ff6   Data           2  main.o(.data)
    Operating_Mode                           0x20000ff8   Data           2  main.o(.data)
    TIM_Period1310                           0x20000ffa   Data           2  main.o(.data)
    TIM_Period1490                           0x20000ffc   Data           2  main.o(.data)
    TIM_Period1550                           0x20000ffe   Data           2  main.o(.data)
    hackval                                  0x2000100c   Data           4  main.o(.data)
    hackflag                                 0x20001010   Data           4  main.o(.data)
    restarttimes                             0x20001014   Data           4  main.o(.data)
    TIM_Period                               0x20001018   Data           6  main.o(.data)
    c10_10_0                                 0x20001020   Data          40  main.o(.data)
    c10_0_001                                0x20001048   Data          40  main.o(.data)
    c10_0_01                                 0x20001070   Data          40  main.o(.data)
    c10_0_1                                  0x20001098   Data          40  main.o(.data)
    g_red_delay_100ms                        0x200010c0   Data           1  main.o(.data)
    g_onoff_en                               0x200010c1   Data           1  main.o(.data)
    g_ad_ms                                  0x200010c2   Data           2  main.o(.data)
    g_lcdbug_ms                              0x200010c4   Data           2  main.o(.data)
    g_debug_ms                               0x200010c6   Data           2  main.o(.data)
    g_recvflag                               0x200010c8   Data           1  main.o(.data)
    SysTickCounter                           0x200010ca   Data           2  main.o(.data)
    LCD_GetPoint_EN                          0x200010cc   Data           1  main.o(.data)
    LCD_GetPoint_Counter                     0x200010cd   Data           1  main.o(.data)
    FLAG_1310                                0x200010ce   Data           1  main.o(.data)
    FLAG_1490                                0x200010cf   Data           1  main.o(.data)
    FLAG_1550                                0x200010d0   Data           1  main.o(.data)
    X                                        0x200010d2   Data           6  main.o(.data)
    Y                                        0x200010d8   Data           6  main.o(.data)
    msgindex                                 0x200010e0   Data           1  gl_key.o(.data)
    _key_ms                                  0x200010e4   Data           4  gl_key.o(.data)
    _key_ms_out                              0x200010e8   Data           4  gl_key.o(.data)
    DisplaySample                            0x2000111e   Data          12  touchpanel.o(.data)
    __stdout                                 0x2000112c   Data           4  stdout.o(.data)
    _zm_ascii                                0x20001134   Data         512  gl_ui.o(.bss)
    g_power                                  0x20001680   Data          24  main.o(.bss)
    g_adj_power                              0x20001698   Data          36  main.o(.bss)
    g_adc                                    0x200016bc   Data         400  main.o(.bss)
    ADCConvertedValue                        0x2000184c   Data        4000  main.o(.bss)
    strout                                   0x200027ec   Data          50  main.o(.bss)
    _key                                     0x20002820   Data         160  gl_key.o(.bss)
    com_2buf                                 0x200028c0   Data         540  usart.o(.bss)
    matrix                                   0x20002c00   Data          56  touchpanel.o(.bss)
    ScreenSample                             0x20002c38   Data          12  touchpanel.o(.bss)
    __initial_sp                             0x20003048   Data           0  startup_stm32f10x_hd.o(STACK)



==============================================================================

Memory Map of the image

  Image Entry point : 0x08000131

  Load Region LR_IROM1 (Base: 0x08000000, Size: 0x0001d6e4, Max: 0x0003f800, ABSOLUTE, COMPRESSED[0x0001cc64])

    Execution Region ER_IROM1 (Base: 0x08000000, Size: 0x0001c5b0, Max: 0x0003f800, ABSOLUTE)

    Base Addr    Size         Type   Attr      Idx    E Section Name        Object

    0x08000000   0x00000130   Data   RO         3516    RESET               startup_stm32f10x_hd.o
    0x08000130   0x00000000   Code   RO         3940  * .ARM.Collect$$$$00000000  mc_w.l(entry.o)
    0x08000130   0x00000004   Code   RO         4263    .ARM.Collect$$$$00000001  mc_w.l(entry2.o)
    0x08000134   0x00000004   Code   RO         4266    .ARM.Collect$$$$00000004  mc_w.l(entry5.o)
    0x08000138   0x00000000   Code   RO         4268    .ARM.Collect$$$$00000008  mc_w.l(entry7b.o)
    0x08000138   0x00000008   Code   RO         4269    .ARM.Collect$$$$00000009  mc_w.l(entry8.o)
    0x08000140   0x00000004   Code   RO         4264    .ARM.Collect$$$$00002712  mc_w.l(entry2.o)
    0x08000144   0x00000024   Code   RO         3517    .text               startup_stm32f10x_hd.o
    0x08000168   0x00000024   Code   RO         3943    .text               mc_w.l(memcpya.o)
    0x0800018c   0x00000026   Code   RO         3945    .text               mc_w.l(memseta.o)
    0x080001b2   0x0000001a   Code   RO         4210    .text               mc_w.l(atoi.o)
    0x080001cc   0x000000b0   Code   RO         4212    .text               mf_w.l(fadd.o)
    0x0800027c   0x0000006c   Code   RO         4214    .text               mf_w.l(fmul.o)
    0x080002e8   0x00000080   Code   RO         4216    .text               mf_w.l(fdiv.o)
    0x08000368   0x0000014c   Code   RO         4218    .text               mf_w.l(dadd.o)
    0x080004b4   0x000000e0   Code   RO         4220    .text               mf_w.l(dmul.o)
    0x08000594   0x000000de   Code   RO         4222    .text               mf_w.l(ddiv.o)
    0x08000672   0x0000002e   Code   RO         4224    .text               mf_w.l(dscalb.o)
    0x080006a0   0x00000012   Code   RO         4226    .text               mf_w.l(fflti.o)
    0x080006b2   0x0000000a   Code   RO         4228    .text               mf_w.l(ffltui.o)
    0x080006bc   0x00000022   Code   RO         4230    .text               mf_w.l(dflti.o)
    0x080006de   0x0000001a   Code   RO         4232    .text               mf_w.l(dfltui.o)
    0x080006f8   0x00000032   Code   RO         4234    .text               mf_w.l(ffixi.o)
    0x0800072a   0x00000028   Code   RO         4236    .text               mf_w.l(ffixui.o)
    0x08000752   0x0000003e   Code   RO         4238    .text               mf_w.l(dfixi.o)
    0x08000790   0x0000002e   Code   RO         4240    .text               mf_w.l(dfixui.o)
    0x080007be   0x0000002c   Code   RO         4242    .text               mf_w.l(f2d.o)
    0x080007ea   0x00000002   PAD
    0x080007ec   0x00000028   Code   RO         4244    .text               mf_w.l(cdcmple.o)
    0x08000814   0x00000038   Code   RO         4246    .text               mf_w.l(d2f.o)
    0x0800084c   0x0000002c   Code   RO         4271    .text               mc_w.l(uidiv.o)
    0x08000878   0x00000062   Code   RO         4273    .text               mc_w.l(uldiv.o)
    0x080008da   0x0000001e   Code   RO         4275    .text               mc_w.l(llshl.o)
    0x080008f8   0x00000020   Code   RO         4277    .text               mc_w.l(llushr.o)
    0x08000918   0x00000024   Code   RO         4279    .text               mc_w.l(llsshr.o)
    0x0800093c   0x00000070   Code   RO         4288    .text               mc_w.l(strtol.o)
    0x080009ac   0x00000000   Code   RO         4290    .text               mc_w.l(iusefp.o)
    0x080009ac   0x0000006c   Code   RO         4291    .text               mf_w.l(fepilogue.o)
    0x08000a18   0x000000be   Code   RO         4293    .text               mf_w.l(depilogue.o)
    0x08000ad6   0x00000030   Code   RO         4295    .text               mf_w.l(dfixul.o)
    0x08000b06   0x00000002   PAD
    0x08000b08   0x00000028   Code   RO         4297    .text               mf_w.l(cdrcmple.o)
    0x08000b30   0x00000024   Code   RO         4299    .text               mc_w.l(init.o)
    0x08000b54   0x00000008   Code   RO         4301    .text               mc_w.l(ctype_o.o)
    0x08000b5c   0x0000009e   Code   RO         4329    .text               mc_w.l(_strtoul.o)
    0x08000bfa   0x000000a2   Code   RO         4331    .text               mf_w.l(dsqrt.o)
    0x08000c9c   0x0000001c   Code   RO         4333    .text               mc_w.l(_chval.o)
    0x08000cb8   0x0000005c   Code   RO         4343    .text               mc_w.l(__dczerorl2.o)
    0x08000d14   0x00000002   Code   RO          716    i.ADC1_2_IRQHandler  stm32f10x_it.o
    0x08000d16   0x00000014   Code   RO         2995    i.ADC_Cmd           stm32f10x_adc.o
    0x08000d2a   0x00000002   PAD
    0x08000d2c   0x000000dc   Code   RO          321    i.ADC_Configuration  main.o
    0x08000e08   0x00000014   Code   RO         2996    i.ADC_DMACmd        stm32f10x_adc.o
    0x08000e1c   0x0000000e   Code   RO         3003    i.ADC_GetCalibrationStatus  stm32f10x_adc.o
    0x08000e2a   0x0000000e   Code   RO         3009    i.ADC_GetResetCalibrationStatus  stm32f10x_adc.o
    0x08000e38   0x00000048   Code   RO         3013    i.ADC_Init          stm32f10x_adc.o
    0x08000e80   0x00000074   Code   RO         3017    i.ADC_RegularChannelConfig  stm32f10x_adc.o
    0x08000ef4   0x0000000a   Code   RO         3018    i.ADC_ResetCalibration  stm32f10x_adc.o
    0x08000efe   0x00000014   Code   RO         3020    i.ADC_SoftwareStartConvCmd  stm32f10x_adc.o
    0x08000f12   0x0000000a   Code   RO         3022    i.ADC_StartCalibration  stm32f10x_adc.o
    0x08000f1c   0x000000ec   Code   RO          322    i.AutoCtrlPower     main.o
    0x08001008   0x00000002   Code   RO          717    i.BusFault_Handler  stm32f10x_it.o
    0x0800100a   0x00000002   PAD
    0x0800100c   0x000000e4   Code   RO          323    i.Check1963         main.o
    0x080010f0   0x00000098   Code   RO          324    i.CheckLCD          main.o
    0x08001188   0x00000134   Code   RO          937    i.CommDMAMode       usart.o
    0x080012bc   0x0000018c   Code   RO          939    i.CommInit          usart.o
    0x08001448   0x00000040   Code   RO          941    i.CommRecv          usart.o
    0x08001488   0x00000044   Code   RO          943    i.CommTurnBuffer    usart.o
    0x080014cc   0x000002a0   Code   RO          325    i.Ctrl_Operating_Mode  main.o
    0x0800176c   0x000001e4   Code   RO          326    i.Ctrl_Power        main.o
    0x08001950   0x00000018   Code   RO          327    i.Ctrl_RedLight     main.o
    0x08001968   0x0000003c   Code   RO          328    i.Ctrl_Timing_Device  main.o
    0x080019a4   0x000000bc   Code   RO          329    i.Ctrl_Wavelength   main.o
    0x08001a60   0x00000018   Code   RO         3211    i.DAC_Cmd           stm32f10x_dac.o
    0x08001a78   0x0000002c   Code   RO          330    i.DAC_Configuration  main.o
    0x08001aa4   0x00000028   Code   RO         3216    i.DAC_Init          stm32f10x_dac.o
    0x08001acc   0x0000000c   Code   RO         3217    i.DAC_SetChannel1Data  stm32f10x_dac.o
    0x08001ad8   0x0000001c   Code   RO         3220    i.DAC_SoftwareTriggerCmd  stm32f10x_dac.o
    0x08001af4   0x00000018   Code   RO          718    i.DMA1_Channel2_IRQHandler  stm32f10x_it.o
    0x08001b0c   0x00000038   Code   RO          719    i.DMA1_Channel3_IRQHandler  stm32f10x_it.o
    0x08001b44   0x0000001c   Code   RO          720    i.DMA1_Channel4_IRQHandler  stm32f10x_it.o
    0x08001b60   0x00000038   Code   RO          721    i.DMA1_Channel5_IRQHandler  stm32f10x_it.o
    0x08001b98   0x00000038   Code   RO          722    i.DMA1_Channel6_IRQHandler  stm32f10x_it.o
    0x08001bd0   0x0000001c   Code   RO          723    i.DMA1_Channel7_IRQHandler  stm32f10x_it.o
    0x08001bec   0x00000018   Code   RO         2183    i.DMA_ClearFlag     stm32f10x_dma.o
    0x08001c04   0x00000018   Code   RO         2184    i.DMA_ClearITPendingBit  stm32f10x_dma.o
    0x08001c1c   0x00000016   Code   RO         2185    i.DMA_Cmd           stm32f10x_dma.o
    0x08001c32   0x00000002   PAD
    0x08001c34   0x000000e4   Code   RO         2186    i.DMA_DeInit        stm32f10x_dma.o
    0x08001d18   0x00000020   Code   RO         2188    i.DMA_GetFlagStatus  stm32f10x_dma.o
    0x08001d38   0x00000020   Code   RO         2189    i.DMA_GetITStatus   stm32f10x_dma.o
    0x08001d58   0x00000010   Code   RO         2190    i.DMA_ITConfig      stm32f10x_dma.o
    0x08001d68   0x0000003a   Code   RO         2191    i.DMA_Init          stm32f10x_dma.o
    0x08001da2   0x00000002   Code   RO          724    i.DebugMon_Handler  stm32f10x_it.o
    0x08001da4   0x00000010   Code   RO          284    i.Delay_ms          key.o
    0x08001db4   0x00000038   Code   RO          334    i.DrawFocus         main.o
    0x08001dec   0x0000001e   Code   RO          725    i.EXTI1_IRQHandler  stm32f10x_it.o
    0x08001e0a   0x0000001e   Code   RO          726    i.EXTI2_IRQHandler  stm32f10x_it.o
    0x08001e28   0x0000001e   Code   RO          727    i.EXTI3_IRQHandler  stm32f10x_it.o
    0x08001e46   0x00000046   Code   RO          728    i.EXTI9_5_IRQHandler  stm32f10x_it.o
    0x08001e8c   0x0000000c   Code   RO         1494    i.EXTI_ClearITPendingBit  stm32f10x_exti.o
    0x08001e98   0x00000020   Code   RO         1498    i.EXTI_GetITStatus  stm32f10x_exti.o
    0x08001eb8   0x0000000c   Code   RO         3289    i.FLASH_ClearFlag   stm32f10x_flash.o
    0x08001ec4   0x0000017c   Code   RO          338    i.FLASH_Configuration  main.o
    0x08002040   0x0000003c   Code   RO         3294    i.FLASH_ErasePage   stm32f10x_flash.o
    0x0800207c   0x00000028   Code   RO         3295    i.FLASH_GetBank1Status  stm32f10x_flash.o
    0x080020a4   0x00000010   Code   RO         3304    i.FLASH_Lock        stm32f10x_flash.o
    0x080020b4   0x00000048   Code   RO         3309    i.FLASH_ProgramWord  stm32f10x_flash.o
    0x080020fc   0x00000018   Code   RO         3312    i.FLASH_Unlock      stm32f10x_flash.o
    0x08002114   0x00000024   Code   RO         3316    i.FLASH_WaitForLastOperation  stm32f10x_flash.o
    0x08002138   0x00000020   Code   RO         1705    i.FSMC_NORSRAMCmd   stm32f10x_fsmc.o
    0x08002158   0x000000c0   Code   RO         1707    i.FSMC_NORSRAMInit  stm32f10x_fsmc.o
    0x08002218   0x000000dc   Code   RO          339    i.Function_IO_config  main.o
    0x080022f4   0x000000a4   Code   RO         1349    i.GPIO_Init         stm32f10x_gpio.o
    0x08002398   0x00000058   Code   RO         1351    i.GPIO_PinRemapConfig  stm32f10x_gpio.o
    0x080023f0   0x0000000e   Code   RO         1353    i.GPIO_ReadInputDataBit  stm32f10x_gpio.o
    0x080023fe   0x00000004   Code   RO         1356    i.GPIO_ResetBits    stm32f10x_gpio.o
    0x08002402   0x00000004   Code   RO         1357    i.GPIO_SetBits      stm32f10x_gpio.o
    0x08002406   0x00000002   PAD
    0x08002408   0x00000048   Code   RO         3522    i.GUI_Text          glcd.o
    0x08002450   0x00000054   Code   RO          340    i.GetAD             main.o
    0x080024a4   0x00000002   Code   RO          729    i.HardFault_Handler  stm32f10x_it.o
    0x080024a6   0x00000002   PAD
    0x080024a8   0x000002b4   Code   RO         1016    i.InputPanel        ts100_draw.o
    0x0800275c   0x0000004c   Code   RO          341    i.IsHacker          main.o
    0x080027a8   0x00000064   Code   RO          285    i.KeyDown           key.o
    0x0800280c   0x00000028   Code   RO          286    i.KeyDown_Ex        key.o
    0x08002834   0x0000006c   Code   RO          287    i.KeyPress          key.o
    0x080028a0   0x00000058   Code   RO         1017    i.LCD_Batter_Show   ts100_draw.o
    0x080028f8   0x00000030   Code   RO         3525    i.LCD_Clear         glcd.o
    0x08002928   0x0000000e   Code   RO         3526    i.LCD_Configuration  glcd.o
    0x08002936   0x00000002   PAD
    0x08002938   0x000000bc   Code   RO         3527    i.LCD_CtrlLinesConfig  glcd.o
    0x080029f4   0x000000b8   Code   RO          342    i.LCD_DrawMain      main.o
    0x08002aac   0x00000098   Code   RO         1018    i.LCD_FLSAH_DrawPicture  ts100_draw.o
    0x08002b44   0x00000064   Code   RO         3530    i.LCD_FSMCConfig    glcd.o
    0x08002ba8   0x0000001c   Code   RO         3531    i.LCD_GetPoint      glcd.o
    0x08002bc4   0x000001c8   Code   RO         3532    i.LCD_Initializtion  glcd.o
    0x08002d8c   0x000001f4   Code   RO         1020    i.LCD_OperatMode_Selection  ts100_draw.o
    0x08002f80   0x000000c0   Code   RO         1021    i.LCD_Power_Control_Selection_Ex  ts100_draw.o
    0x08003040   0x00000014   Code   RO         3534    i.LCD_ReadReg       glcd.o
    0x08003054   0x00000024   Code   RO         1022    i.LCD_RedLight_Show  ts100_draw.o
    0x08003078   0x00000030   Code   RO          159    i.LCD_SetArea       gl_ui.o
    0x080030a8   0x00000024   Code   RO         3536    i.LCD_SetBacklight  glcd.o
    0x080030cc   0x00000028   Code   RO         3537    i.LCD_SetPoint      glcd.o
    0x080030f4   0x0000007c   Code   RO         1023    i.LCD_Timing_Display  ts100_draw.o
    0x08003170   0x00000160   Code   RO         1025    i.LCD_Wavelength_Selection_Ex  ts100_draw.o
    0x080032d0   0x00000002   Code   RO          730    i.MemManage_Handler  stm32f10x_it.o
    0x080032d2   0x00000002   Code   RO          731    i.NMI_Handler       stm32f10x_it.o
    0x080032d4   0x0000008a   Code   RO          343    i.NVIC_Configuration  main.o
    0x0800335e   0x00000002   PAD
    0x08003360   0x00000064   Code   RO         1457    i.NVIC_Init         misc.o
    0x080033c4   0x00000014   Code   RO         1458    i.NVIC_PriorityGroupConfig  misc.o
    0x080033d8   0x00000014   Code   RO         1459    i.NVIC_SetVectorTable  misc.o
    0x080033ec   0x00000002   Code   RO          732    i.PendSV_Handler    stm32f10x_it.o
    0x080033ee   0x00000002   PAD
    0x080033f0   0x000001ec   Code   RO          344    i.ProChargerMonitor  main.o
    0x080035dc   0x00000404   Code   RO          345    i.ProGet1963State   main.o
    0x080039e0   0x00000044   Code   RO          346    i.ProTick1963IsLive  main.o
    0x08003a24   0x0000006c   Code   RO          347    i.ProTimerShutdown  main.o
    0x08003a90   0x0000004e   Code   RO         3542    i.PutChar           glcd.o
    0x08003ade   0x00000002   PAD
    0x08003ae0   0x00000018   Code   RO         1144    i.RCC_AHBPeriphClockCmd  stm32f10x_rcc.o
    0x08003af8   0x00000018   Code   RO         1145    i.RCC_APB1PeriphClockCmd  stm32f10x_rcc.o
    0x08003b10   0x00000018   Code   RO         1147    i.RCC_APB2PeriphClockCmd  stm32f10x_rcc.o
    0x08003b28   0x0000009c   Code   RO         1155    i.RCC_GetClocksFreq  stm32f10x_rcc.o
    0x08003bc4   0x00000026   Code   RO          252    i.ReadFlash         flash.o
    0x08003bea   0x00000002   PAD
    0x08003bec   0x00000028   Code   RO         3547    i.SSD1963_GPIO_WR   glcd.o
    0x08003c14   0x00000020   Code   RO         3548    i.SSD1963_IsRestart  glcd.o
    0x08003c34   0x00000064   Code   RO         3549    i.SSD1963_PowerUp   glcd.o
    0x08003c98   0x00000034   Code   RO         3550    i.SSD1963_SPI_Write  glcd.o
    0x08003ccc   0x0000002a   Code   RO         3551    i.SSD1963_SPI_WriteReg  glcd.o
    0x08003cf6   0x00000002   PAD
    0x08003cf8   0x00000018   Code   RO         3552    i.SSD1963_SetCheckFlag  glcd.o
    0x08003d10   0x00000002   Code   RO          733    i.SVC_Handler       stm32f10x_it.o
    0x08003d12   0x00000002   PAD
    0x08003d14   0x00000094   Code   RO         3461    i.SetSysClockTo72   system_stm32f10x.o
    0x08003da8   0x0000006a   Code   RO         1026    i.Show_Matrix_zimo  ts100_draw.o
    0x08003e12   0x00000018   Code   RO         1461    i.SysTick_CLKSourceConfig  misc.o
    0x08003e2a   0x00000018   Code   RO         3766    i.SysTick_ITConfig  stm32f10x_systick.o
    0x08003e42   0x00000002   PAD
    0x08003e44   0x00000050   Code   RO         3463    i.SystemInit        system_stm32f10x.o
    0x08003e94   0x00000108   Code   RO          734    i.TIM2_IRQHandler   stm32f10x_it.o
    0x08003f9c   0x0000004c   Code   RO          349    i.TIM2_Init         main.o
    0x08003fe8   0x00000048   Code   RO          735    i.TIM3_IRQHandler   stm32f10x_it.o
    0x08004030   0x00000054   Code   RO          350    i.TIM3_Init         main.o
    0x08004084   0x00000048   Code   RO          736    i.TIM4_IRQHandler   stm32f10x_it.o
    0x080040cc   0x00000054   Code   RO          351    i.TIM4_Init         main.o
    0x08004120   0x00000048   Code   RO          737    i.TIM5_IRQHandler   stm32f10x_it.o
    0x08004168   0x00000054   Code   RO          352    i.TIM5_Init         main.o
    0x080041bc   0x00000084   Code   RO          738    i.TIM6_IRQHandler   stm32f10x_it.o
    0x08004240   0x0000004c   Code   RO          353    i.TIM6_Init         main.o
    0x0800428c   0x00000006   Code   RO         2465    i.TIM_ClearITPendingBit  stm32f10x_tim.o
    0x08004292   0x00000014   Code   RO         2470    i.TIM_Cmd           stm32f10x_tim.o
    0x080042a6   0x00000016   Code   RO         2491    i.TIM_GetITStatus   stm32f10x_tim.o
    0x080042bc   0x00000010   Code   RO         2495    i.TIM_ITConfig      stm32f10x_tim.o
    0x080042cc   0x0000009c   Code   RO         2541    i.TIM_TimeBaseInit  stm32f10x_tim.o
    0x08004368   0x00000044   Code   RO         3840    i.TouchPanel_Calibrate  touchpanel.o
    0x080043ac   0x00000050   Code   RO          354    i.TurnOffPower      main.o
    0x080043fc   0x00000070   Code   RO          355    i.TurnOnPower       main.o
    0x0800446c   0x00000518   Code   RO         1027    i.UI_DebugMain      ts100_draw.o
    0x08004984   0x00000058   Code   RO          356    i.UI_ProMode        main.o
    0x080049dc   0x00000058   Code   RO          357    i.UI_ProPower       main.o
    0x08004a34   0x00000090   Code   RO          358    i.UI_ProRedLight_ShutdownTimer  main.o
    0x08004ac4   0x00000074   Code   RO          359    i.UI_ProRedraw      main.o
    0x08004b38   0x00000078   Code   RO          360    i.UI_ProWavelength  main.o
    0x08004bb0   0x0000036c   Code   RO          361    i.UI_ProductionAdjust  main.o
    0x08004f1c   0x00000014   Code   RO         1818    i.USART_Cmd         stm32f10x_usart.o
    0x08004f30   0x00000054   Code   RO          362    i.USART_Configuration  main.o
    0x08004f84   0x00000010   Code   RO         1819    i.USART_DMACmd      stm32f10x_usart.o
    0x08004f94   0x0000000e   Code   RO         1821    i.USART_GetFlagStatus  stm32f10x_usart.o
    0x08004fa2   0x00000002   PAD
    0x08004fa4   0x000000b4   Code   RO         1825    i.USART_Init        stm32f10x_usart.o
    0x08005058   0x00000008   Code   RO         1835    i.USART_SendData    stm32f10x_usart.o
    0x08005060   0x00000002   Code   RO          739    i.UsageFault_Handler  stm32f10x_it.o
    0x08005062   0x00000046   Code   RO          253    i.WriteFlash        flash.o
    0x080050a8   0x00000020   Code   RO         4182    i.__0printf         mc_w.l(printfa.o)
    0x080050c8   0x00000028   Code   RO         4184    i.__0sprintf        mc_w.l(printfa.o)
    0x080050f0   0x00000028   Code   RO         4250    i.__ARM_fpclassify  m_ws.l(fpclassify.o)
    0x08005118   0x00000008   Code   RO         4281    i.__aeabi_errno_addr  mc_w.l(errno.o)
    0x08005120   0x000000aa   Code   RO         4252    i.__kernel_poly     m_ws.l(poly.o)
    0x080051ca   0x00000002   PAD
    0x080051cc   0x00000010   Code   RO         4248    i.__mathlib_dbl_underflow  m_ws.l(dunder.o)
    0x080051dc   0x0000000e   Code   RO         4337    i.__scatterload_copy  mc_w.l(handlers.o)
    0x080051ea   0x00000002   Code   RO         4338    i.__scatterload_null  mc_w.l(handlers.o)
    0x080051ec   0x0000000e   Code   RO         4339    i.__scatterload_zeroinit  mc_w.l(handlers.o)
    0x080051fa   0x00000002   PAD
    0x080051fc   0x0000000c   Code   RO         4283    i.__set_errno       mc_w.l(errno.o)
    0x08005208   0x00000158   Code   RO         4189    i._fp_digits        mc_w.l(printfa.o)
    0x08005360   0x00000704   Code   RO         4190    i._printf_core      mc_w.l(printfa.o)
    0x08005a64   0x00000026   Code   RO         4191    i._printf_post_padding  mc_w.l(printfa.o)
    0x08005a8a   0x00000030   Code   RO         4192    i._printf_pre_padding  mc_w.l(printfa.o)
    0x08005aba   0x0000000a   Code   RO         4194    i._sputc            mc_w.l(printfa.o)
    0x08005ac4   0x000000f4   Code   RO         1131    i.atof_             base.o
    0x08005bb8   0x0000003c   Code   RO         3802    i.delay_init        systick.o
    0x08005bf4   0x0000001c   Code   RO         3553    i.delay_ms          glcd.o
    0x08005c10   0x0000000c   Code   RO         3736    i.draw_arrow        ui.o
    0x08005c1c   0x00000024   Code   RO          944    i.fputc             usart.o
    0x08005c40   0x00000038   Code   RO           56    i.gl_clear          gl_ui.o
    0x08005c78   0x00000088   Code   RO           57    i.gl_fill_rect      gl_ui.o
    0x08005d00   0x0000002c   Code   RO           58    i.gl_horizon_line   gl_ui.o
    0x08005d2c   0x00000040   Code   RO          891    i.gl_key_exti       gl_key.o
    0x08005d6c   0x00000218   Code   RO           59    i.gl_picture        gl_ui.o
    0x08005f84   0x00000010   Code   RO           61    i.gl_setarea        gl_ui.o
    0x08005f94   0x0000000c   Code   RO           62    i.gl_setpoint       gl_ui.o
    0x08005fa0   0x00000064   Code   RO           63    i.gl_text           gl_ui.o
    0x08006004   0x00000010   Code   RO           65    i.gl_ui_setbkcolor  gl_ui.o
    0x08006014   0x00000010   Code   RO           66    i.gl_ui_setbkmode   gl_ui.o
    0x08006024   0x00000010   Code   RO           67    i.gl_ui_setbrushcolor  gl_ui.o
    0x08006034   0x00000010   Code   RO           68    i.gl_ui_setfontcolor  gl_ui.o
    0x08006044   0x0000004c   Code   RO           69    i.gl_ui_setlib      gl_ui.o
    0x08006090   0x00000010   Code   RO           70    i.gl_ui_setpencolor  gl_ui.o
    0x080060a0   0x0000002c   Code   RO           71    i.gl_vertical_line  gl_ui.o
    0x080060cc   0x0000013c   Code   RO          365    i.main              main.o
    0x08006208   0x000009ec   Code   RO         3931    i.pow               m_ws.l(pow.o)
    0x08006bf4   0x00000144   Code   RO         3843    i.setCalibrationMatrix  touchpanel.o
    0x08006d38   0x0000004c   Code   RO         4256    i.sqrt              m_ws.l(sqrt.o)
    0x08006d84   0x00006c36   Data   RO            1    .constdata          picturedata.o
    0x0800d9ba   0x0000103e   Data   RO            2    .constdata          picturedata.o
    0x0800e9f8   0x00001340   Data   RO            3    .constdata          picturedata.o
    0x0800fd38   0x00001340   Data   RO            4    .constdata          picturedata.o
    0x08011078   0x00001340   Data   RO            5    .constdata          picturedata.o
    0x080123b8   0x00001340   Data   RO            6    .constdata          picturedata.o
    0x080136f8   0x00001340   Data   RO            7    .constdata          picturedata.o
    0x08014a38   0x00001340   Data   RO            8    .constdata          picturedata.o
    0x08015d78   0x00001550   Data   RO            9    .constdata          picturedata.o
    0x080172c8   0x00001550   Data   RO           10    .constdata          picturedata.o
    0x08018818   0x00001a78   Data   RO           11    .constdata          picturedata.o
    0x0801a290   0x00001a78   Data   RO           12    .constdata          picturedata.o
    0x0801bd08   0x00000138   Data   RO          235    .constdata          zimo_st9.o
    0x0801be40   0x00000138   Data   RO          236    .constdata          zimo_st9.o
    0x0801bf78   0x00000078   Data   RO          237    .constdata          zimo_st9.o
    0x0801bff0   0x00000018   Data   RO          238    .constdata          zimo_st9.o
    0x0801c008   0x0000000c   Data   RO          239    .constdata          zimo_st9.o
    0x0801c014   0x0000000c   Data   RO          240    .constdata          zimo_st9.o
    0x0801c020   0x00000078   Data   RO          367    .constdata          main.o
    0x0801c098   0x00000072   Data   RO          946    .constdata          usart.o
    0x0801c10a   0x00000002   PAD
    0x0801c10c   0x000002fc   Data   RO         1028    .constdata          ts100_draw.o
    0x0801c408   0x00000088   Data   RO         3932    .constdata          m_ws.l(pow.o)
    0x0801c490   0x00000008   Data   RO         4254    .constdata          m_ws.l(qnan.o)
    0x0801c498   0x00000081   Data   RO         4302    .constdata          mc_w.l(ctype_o.o)
    0x0801c519   0x00000003   PAD
    0x0801c51c   0x00000004   Data   RO         4303    .constdata          mc_w.l(ctype_o.o)
    0x0801c520   0x00000070   Data   RO         1029    .conststring        ts100_draw.o
    0x0801c590   0x00000020   Data   RO         4335    Region$$Table       anon$$obj.o


    Execution Region RW_IRAM1 (Base: 0x20000000, Size: 0x00003048, Max: 0x0000c000, ABSOLUTE, COMPRESSED[0x000006b4])

    Base Addr    Size         Type   Attr      Idx    E Section Name        Object

    0x20000000   0x000000e0   Data   RW           13    .data               picturedata.o
    0x200000e0   0x000000e0   Data   RW           14    .data               picturedata.o
    0x200001c0   0x000000e0   Data   RW           15    .data               picturedata.o
    0x200002a0   0x000000e0   Data   RW           16    .data               picturedata.o
    0x20000380   0x000000e0   Data   RW           17    .data               picturedata.o
    0x20000460   0x000000e0   Data   RW           18    .data               picturedata.o
    0x20000540   0x000000e0   Data   RW           19    .data               picturedata.o
    0x20000620   0x000000e0   Data   RW           20    .data               picturedata.o
    0x20000700   0x000000e0   Data   RW           21    .data               picturedata.o
    0x200007e0   0x000000e0   Data   RW           22    .data               picturedata.o
    0x200008c0   0x000000e0   Data   RW           23    .data               picturedata.o
    0x200009a0   0x0000003a   Data   RW           24    .data               picturedata.o
    0x200009da   0x0000003a   Data   RW           25    .data               picturedata.o
    0x20000a14   0x0000003a   Data   RW           26    .data               picturedata.o
    0x20000a4e   0x0000003a   Data   RW           27    .data               picturedata.o
    0x20000a88   0x0000003a   Data   RW           28    .data               picturedata.o
    0x20000ac2   0x0000003a   Data   RW           29    .data               picturedata.o
    0x20000afc   0x0000003a   Data   RW           31    .data               picturedata.o
    0x20000b36   0x0000003a   Data   RW           33    .data               picturedata.o
    0x20000b70   0x0000003a   Data   RW           34    .data               picturedata.o
    0x20000baa   0x0000003a   Data   RW           35    .data               picturedata.o
    0x20000be4   0x0000003a   Data   RW           36    .data               picturedata.o
    0x20000c1e   0x0000003a   Data   RW           37    .data               picturedata.o
    0x20000c58   0x0000003a   Data   RW           38    .data               picturedata.o
    0x20000c92   0x0000003a   Data   RW           39    .data               picturedata.o
    0x20000ccc   0x0000003a   Data   RW           40    .data               picturedata.o
    0x20000d06   0x0000003a   Data   RW           41    .data               picturedata.o
    0x20000d40   0x00000010   Data   RW           73    .data               gl_ui.o
    0x20000d50   0x00000200   Data   RW          241    .data               zimo_st9.o
    0x20000f50   0x00000080   Data   RW          242    .data               zimo_st9.o
    0x20000fd0   0x00000010   Data   RW          288    .data               key.o
    0x20000fe0   0x000000e0   Data   RW          368    .data               main.o
    0x200010c0   0x00000001   Data   RW          369    .data               main.o
    0x200010c1   0x00000001   Data   RW          370    .data               main.o
    0x200010c2   0x00000002   Data   RW          371    .data               main.o
    0x200010c4   0x00000002   Data   RW          372    .data               main.o
    0x200010c6   0x00000002   Data   RW          373    .data               main.o
    0x200010c8   0x00000001   Data   RW          374    .data               main.o
    0x200010c9   0x00000001   PAD
    0x200010ca   0x00000002   Data   RW          375    .data               main.o
    0x200010cc   0x00000001   Data   RW          377    .data               main.o
    0x200010cd   0x00000001   Data   RW          378    .data               main.o
    0x200010ce   0x00000001   Data   RW          379    .data               main.o
    0x200010cf   0x00000001   Data   RW          380    .data               main.o
    0x200010d0   0x00000001   Data   RW          381    .data               main.o
    0x200010d1   0x00000001   PAD
    0x200010d2   0x00000006   Data   RW          382    .data               main.o
    0x200010d8   0x00000006   Data   RW          383    .data               main.o
    0x200010de   0x00000002   PAD
    0x200010e0   0x0000001c   Data   RW          896    .data               gl_key.o
    0x200010fc   0x00000004   Data   RW          947    .data               usart.o
    0x20001100   0x00000014   Data   RW         1175    .data               stm32f10x_rcc.o
    0x20001114   0x00000001   Data   RW         3554    .data               glcd.o
    0x20001115   0x00000001   PAD
    0x20001116   0x00000004   Data   RW         3805    .data               systick.o
    0x2000111a   0x00000010   Data   RW         3845    .data               touchpanel.o
    0x2000112a   0x00000002   PAD
    0x2000112c   0x00000004   Data   RW         4270    .data               mc_w.l(stdout.o)
    0x20001130   0x00000004   Data   RW         4284    .data               mc_w.l(errno.o)
    0x20001134   0x00000504   Zero   RW           72    .bss                gl_ui.o
    0x20001638   0x000011e6   Zero   RW          366    .bss                main.o
    0x2000281e   0x00000002   PAD
    0x20002820   0x000000a0   Zero   RW          894    .bss                gl_key.o
    0x200028c0   0x0000033c   Zero   RW          945    .bss                usart.o
    0x20002bfc   0x00000004   PAD
    0x20002c00   0x00000044   Zero   RW         3844    .bss                touchpanel.o
    0x20002c44   0x00000004   PAD
    0x20002c48   0x00000400   Zero   RW         3514    STACK               startup_stm32f10x_hd.o


==============================================================================

Image component sizes


      Code (inc. data)   RO Data    RW Data    ZI Data      Debug   Object Name

       244         14          0          0          0        652   base.o
         0          0          0          0          0         32   core_cm3.o
       108          0          0          0          0       8305   flash.o
        64          8          0         28        160       3120   gl_key.o
      1148        102          0         16       1284     248833   gl_ui.o
      1398         68          0          1          0      13563   glcd.o
       264         16          0         16          0       2862   key.o
      7570       1462        120        252       4582     292977   main.o
       164         28          0          0          0       2663   misc.o
         0          0      85892       3392          0       6596   picturedata.o
        36          8        304          0       1024        868   startup_stm32f10x_hd.o
       296         10          0          0          0       7573   stm32f10x_adc.o
       104         16          0          0          0       3028   stm32f10x_dac.o
       436         42          0          0          0       6603   stm32f10x_dma.o
        44         10          0          0          0       1196   stm32f10x_exti.o
       260         36          0          0          0       5973   stm32f10x_flash.o
       224          4          0          0          0       1945   stm32f10x_fsmc.o
       274          6          0          0          0       4410   stm32f10x_gpio.o
      1038        152          0          0          0      54946   stm32f10x_it.o
       228         36          0         20          0       5110   stm32f10x_rcc.o
         0          0          0          0          0       6976   stm32f10x_spi.o
        24          0          0          0          0        483   stm32f10x_systick.o
       220         42          0          0          0       4537   stm32f10x_tim.o
       238          4          0          0          0       4807   stm32f10x_usart.o
       228         26          0          0          0       1793   system_stm32f10x.o
        60          8          0          4          0        701   systick.o
       392         16          0         16         68       3890   touchpanel.o
      3546        340        876          0          0      16568   ts100_draw.o
        12          0          0          0          0        453   ui.o
       872         74        114          4        828       5200   usart.o
         0          0        792        640          0        890   zimo_st9.o

    ----------------------------------------------------------------------
     19520       2528      88132       4396       7956     717553   Object Totals
         0          0         32          0          0          0   (incl. Generated)
        28          0          2          7         10          0   (incl. Padding)

    ----------------------------------------------------------------------

      Code (inc. data)   RO Data    RW Data    ZI Data      Debug   Library Member Name

        16          6          0          0          0         68   dunder.o
        40          0          0          0          0         68   fpclassify.o
       170          0          0          0          0         96   poly.o
      2540        192        136          0          0        340   pow.o
         0          0          8          0          0          0   qnan.o
        76          0          0          0          0         84   sqrt.o
        92          0          0          0          0          0   __dczerorl2.o
        28          0          0          0          0         68   _chval.o
       158          0          0          0          0         92   _strtoul.o
        26          0          0          0          0         80   atoi.o
         8          4        133          0          0         68   ctype_o.o
         0          0          0          0          0          0   entry.o
         8          4          0          0          0          0   entry2.o
         4          0          0          0          0          0   entry5.o
         0          0          0          0          0          0   entry7b.o
         8          4          0          0          0          0   entry8.o
        20         10          0          4          0        136   errno.o
        30          0          0          0          0          0   handlers.o
        36          8          0          0          0         68   init.o
         0          0          0          0          0          0   iusefp.o
        30          0          0          0          0         68   llshl.o
        36          0          0          0          0         68   llsshr.o
        32          0          0          0          0         68   llushr.o
        36          0          0          0          0         68   memcpya.o
        38          0          0          0          0        108   memseta.o
      2308         94          0          0          0        596   printfa.o
         0          0          0          4          0          0   stdout.o
       112          0          0          0          0         88   strtol.o
        44          0          0          0          0         80   uidiv.o
        98          0          0          0          0         92   uldiv.o
        40          2          0          0          0         68   cdcmple.o
        40          2          0          0          0         68   cdrcmple.o
        56          0          0          0          0         88   d2f.o
       332          0          0          0          0        148   dadd.o
       222          0          0          0          0        100   ddiv.o
       190          0          0          0          0        176   depilogue.o
        62          0          0          0          0         80   dfixi.o
        46          0          0          0          0         68   dfixui.o
        48          0          0          0          0         68   dfixul.o
        34          0          0          0          0         76   dflti.o
        26          0          0          0          0         76   dfltui.o
       224          0          0          0          0         96   dmul.o
        46          0          0          0          0         80   dscalb.o
       162          0          0          0          0        100   dsqrt.o
        44          0          0          0          0         68   f2d.o
       176          0          0          0          0        140   fadd.o
       128          0          0          0          0         88   fdiv.o
       108          0          0          0          0        168   fepilogue.o
        50          0          0          0          0         68   ffixi.o
        40          0          0          0          0         68   ffixui.o
        18          0          0          0          0         68   fflti.o
        10          0          0          0          0         68   ffltui.o
       108          0          0          0          0         76   fmul.o

    ----------------------------------------------------------------------
      8212        326        280          8          0       4508   Library Totals
         8          0          3          0          0          0   (incl. Padding)

    ----------------------------------------------------------------------

      Code (inc. data)   RO Data    RW Data    ZI Data      Debug   Library Name

      2842        198        144          0          0        656   m_ws.l
      3152        124        133          8          0       1748   mc_w.l
      2210          4          0          0          0       2104   mf_w.l

    ----------------------------------------------------------------------
      8212        326        280          8          0       4508   Library Totals

    ----------------------------------------------------------------------

==============================================================================


      Code (inc. data)   RO Data    RW Data    ZI Data      Debug   

     27732       2854      88412       4404       7956     710413   Grand Totals
     27732       2854      88412       1716       7956     710413   ELF Image Totals (compressed)
     27732       2854      88412       1716          0          0   ROM Totals

==============================================================================

    Total RO  Size (Code + RO Data)               116144 ( 113.42kB)
    Total RW  Size (RW Data + ZI Data)             12360 (  12.07kB)
    Total ROM Size (Code + RO Data + RW Data)     117860 ( 115.10kB)

==============================================================================

